{"level":"info","message":"Hello World route accessed","service":"acquisition-api"}
{"level":"info","message":"::1 - - [11/Sep/2026:12:20:49 +0000] \"GET / HTTP/1.1\" 200 12 \"-\" \"Mozilla/5.0 (Windows NT 10.0; Win64; x64) AppleWebKit/537.36 (KHTML, like Gecko) Chrome/152.0.0.0 Safari/537.36\"","service":"acquisition-api"}
{"level":"info","message":"::1 - - [11/Sep/2026:12:20:49 +0000] \"GET /favicon.ico HTTP/1.1\" 404 150 \"-\" \"Mozilla/5.0 (Windows NT 10.0; Win64; x64) AppleWebKit/537.36 (KHTML, like Gecko) Chrome/152.0.0.0 Safari/537.36\"","service":"acquisition-api"}
{"level":"info","message":"::1 - - [11/Sep/2026:12:50:31 +0000] \"GET /readyz HTTP/1.1\" 404 145 \"-\" \"Mozilla/5.0 (Windows NT 10.0; Win64; x64) AppleWebKit/537.36 (KHTML, like Gecko) Chrome/152.0.0.0 Safari/537.36\"","service":"acquisition-api"}
{"level":"info","message":"Hello World route accessed","service":"acquisition-api"}
{"level":"info","message":"::1 - - [11/Sep/2026:12:52:16 +0000] \"GET / HTTP/1.1\" 304 - \"-\" \"Mozilla/5.0 (Windows NT 10.0; Win64; x64) AppleWebKit/537.36 (KHTML, like Gecko) Chrome/152.0.0.0 Safari/537.36\"","service":"acquisition-api"}
{"level":"info","message":"Hello World route accessed","service":"acquisition-api"}
{"level":"info","message":"::1 - - [12/Sep/2026:16:15:59 +0000] \"GET / HTTP/1.1\" 304 - \"-\" \"Mozilla/5.0 (Windows NT 10.0; Win64; x64) AppleWebKit/537.36 (KHTML, like Gecko) Chrome/152.0.0.0 Safari/537.36\"","service":"acquisition-api"}
{"level":"info","message":"::1 - - [12/Sep/2026:16:15:59 +0000] \"GET /favicon.ico HTTP/1.1\" 404 150 \"-\" \"Mozilla/5.0 (Windows NT 10.0; Win64; x64) AppleWebKit/537.36 (KHTML, like Gecko) Chrome/152.0.0.0 Safari/537.36\"","service":"acquisition-api"}
{"level":"info","message":"API route accessed","service":"acquisition-api"}
{"level":"info","message":"::1 - - [12/Sep/2026:16:16:05 +0000] \"GET /api HTTP/1.1\" 200 33 \"-\" \"Mozilla/5.0 (Windows NT 10.0; Win64; x64) AppleWebKit/537.36 (KHTML, like Gecko) Chrome/152.0.0.0 Safari/537.36\"","service":"acquisition-api"}
{"level":"info","message":"::1 - - [12/Sep/2026:16:16:18 +0000] \"GET /api/auth HTTP/1.1\" 404 147 \"-\" \"Mozilla/5.0 (Windows NT 10.0; Win64; x64) AppleWebKit/537.36 (KHTML, like Gecko) Chrome/152.0.0.0 Safari/537.36\"","service":"acquisition-api"}
{"level":"info","message":"::1 - - [12/Sep/2026:16:16:26 +0000] \"GET /api/test HTTP/1.1\" 404 147 \"-\" \"Mozilla/5.0 (Windows NT 10.0; Win64; x64) AppleWebKit/537.36 (KHTML, like Gecko) Chrome/152.0.0.0 Safari/537.36\"","service":"acquisition-api"}
{"level":"info","message":"Health check route accessed","service":"acquisition-api"}
{"level":"info","message":"::1 - - [12/Sep/2026:16:16:37 +0000] \"GET /health HTTP/1.1\" 200 76 \"-\" \"Mozilla/5.0 (Windows NT 10.0; Win64; x64) AppleWebKit/537.36 (KHTML, like Gecko) Chrome/152.0.0.0 Safari/537.36\"","service":"acquisition-api"}
{"level":"info","message":"Hello World route accessed","service":"acquisition-api"}
{"level":"info","message":"::1 - - [12/Sep/2026:16:20:34 +0000] \"GET / HTTP/1.1\" 200 12 \"-\" \"HTTPie\"","service":"acquisition-api"}
{"level":"info","message":"API route accessed","service":"acquisition-api"}
{"level":"info","message":"::1 - - [12/Sep/2026:16:20:57 +0000] \"GET /api HTTP/1.1\" 200 33 \"-\" \"HTTPie\"","service":"acquisition-api"}
{"level":"info","message":"Health check route accessed","service":"acquisition-api"}
{"level":"info","message":"::1 - - [12/Sep/2026:16:21:07 +0000] \"GET /health HTTP/1.1\" 200 77 \"-\" \"HTTPie\"","service":"acquisition-api"}
{"level":"info","message":"::1 - - [12/Sep/2026:16:22:00 +0000] \"POST /api/auth/sign-in HTTP/1.1\" 404 156 \"-\" \"HTTPie\"","service":"acquisition-api"}
{"level":"info","message":"::1 - - [12/Sep/2026:16:22:14 +0000] \"POST /api/auth/login HTTP/1.1\" 200 11 \"-\" \"HTTPie\"","service":"acquisition-api"}
{"level":"info","message":"::1 - - [15/Sep/2026:09:05:44 +0000] \"POST /api/auth/login HTTP/1.1\" 200 11 \"-\" \"HTTPie\"","service":"acquisition-api"}
{"level":"info","message":"::1 - - [15/Sep/2026:09:06:08 +0000] \"POST /api/auth/sign-up HTTP/1.1\" 404 156 \"-\" \"HTTPie\"","service":"acquisition-api"}
{"level":"info","message":"::1 - - [15/Sep/2026:09:06:25 +0000] \"POST /api/auth/signup HTTP/1.1\" 200 12 \"-\" \"HTTPie\"","service":"acquisition-api"}
{"level":"info","message":"::1 - - [15/Sep/2026:09:11:20 +0000] \"POST /api/auth/signup HTTP/1.1\" 400 60 \"-\" \"HTTPie\"","service":"acquisition-api"}
{"level":"info","message":"::1 - - [15/Sep/2026:09:15:57 +0000] \"POST /api/auth/signup HTTP/1.1\" 400 60 \"-\" \"HTTPie\"","service":"acquisition-api"}
{"level":"info","message":"User signup request received for email: js@test.com","service":"acquisition-api"}
{"level":"info","message":"::1 - - [15/Sep/2026:09:17:22 +0000] \"POST /api/auth/signup HTTP/1.1\" 201 109 \"-\" \"HTTPie\"","service":"acquisition-api"}
{"level":"error","message":"Error during signup validation: password is not defined","service":"acquisition-api","stack":"ReferenceError: password is not defined\n    at signup (file:///home/rionse/acquisitions/src/controllers/auth.controller.js:22:54)\n    at Layer.handleRequest (/home/rionse/acquisitions/node_modules/router/lib/layer.js:152:17)\n    at next (/home/rionse/acquisitions/node_modules/router/lib/route.js:157:13)\n    at Route.dispatch (/home/rionse/acquisitions/node_modules/router/lib/route.js:117:3)\n    at handle (/home/rionse/acquisitions/node_modules/router/index.js:435:11)\n    at Layer.handleRequest (/home/rionse/acquisitions/node_modules/router/lib/layer.js:152:17)\n    at /home/rionse/acquisitions/node_modules/router/index.js:295:15\n    at processParams (/home/rionse/acquisitions/node_modules/router/index.js:582:12)\n    at next (/home/rionse/acquisitions/node_modules/router/index.js:291:5)\n    at Function.handle (/home/rionse/acquisitions/node_modules/router/index.js:186:3)"}
{"level":"info","message":"::1 - - [15/Sep/2026:09:43:38 +0000] \"POST /api/auth/signup HTTP/1.1\" 500 1138 \"-\" \"HTTPie\"","service":"acquisition-api"}
{"level":"error","message":"Error creating user: eq is not defined","service":"acquisition-api","stack":"ReferenceError: eq is not defined\n    at createUser (file:///home/rionse/acquisitions/src/services/auth.service.js:19:51)\n    at signup (file:///home/rionse/acquisitions/src/controllers/auth.controller.js:22:28)\n    at Layer.handleRequest (/home/rionse/acquisitions/node_modules/router/lib/layer.js:152:17)\n    at next (/home/rionse/acquisitions/node_modules/router/lib/route.js:157:13)\n    at Route.dispatch (/home/rionse/acquisitions/node_modules/router/lib/route.js:117:3)\n    at handle (/home/rionse/acquisitions/node_modules/router/index.js:435:11)\n    at Layer.handleRequest (/home/rionse/acquisitions/node_modules/router/lib/layer.js:152:17)\n    at /home/rionse/acquisitions/node_modules/router/index.js:295:15\n    at processParams (/home/rionse/acquisitions/node_modules/router/index.js:582:12)\n    at next (/home/rionse/acquisitions/node_modules/router/index.js:291:5)"}
{"level":"error","message":"Error during signup validation: User creation failed","service":"acquisition-api","stack":"Error: User creation failed\n    at createUser (file:///home/rionse/acquisitions/src/services/auth.service.js:37:15)\n    at signup (file:///home/rionse/acquisitions/src/controllers/auth.controller.js:22:28)\n    at Layer.handleRequest (/home/rionse/acquisitions/node_modules/router/lib/layer.js:152:17)\n    at next (/home/rionse/acquisitions/node_modules/router/lib/route.js:157:13)\n    at Route.dispatch (/home/rionse/acquisitions/node_modules/router/lib/route.js:117:3)\n    at handle (/home/rionse/acquisitions/node_modules/router/index.js:435:11)\n    at Layer.handleRequest (/home/rionse/acquisitions/node_modules/router/lib/layer.js:152:17)\n    at /home/rionse/acquisitions/node_modules/router/index.js:295:15\n    at processParams (/home/rionse/acquisitions/node_modules/router/index.js:582:12)\n    at next (/home/rionse/acquisitions/node_modules/router/index.js:291:5)"}
{"level":"info","message":"::1 - - [15/Sep/2026:09:46:01 +0000] \"POST /api/auth/signup HTTP/1.1\" 500 1128 \"-\" \"HTTPie\"","service":"acquisition-api"}
{"level":"error","message":"Error creating user: eq is not defined","service":"acquisition-api","stack":"ReferenceError: eq is not defined\n    at createUser (file:///home/rionse/acquisitions/src/services/auth.service.js:19:51)\n    at signup (file:///home/rionse/acquisitions/src/controllers/auth.controller.js:22:28)\n    at Layer.handleRequest (/home/rionse/acquisitions/node_modules/router/lib/layer.js:152:17)\n    at next (/home/rionse/acquisitions/node_modules/router/lib/route.js:157:13)\n    at Route.dispatch (/home/rionse/acquisitions/node_modules/router/lib/route.js:117:3)\n    at handle (/home/rionse/acquisitions/node_modules/router/index.js:435:11)\n    at Layer.handleRequest (/home/rionse/acquisitions/node_modules/router/lib/layer.js:152:17)\n    at /home/rionse/acquisitions/node_modules/router/index.js:295:15\n    at processParams (/home/rionse/acquisitions/node_modules/router/index.js:582:12)\n    at next (/home/rionse/acquisitions/node_modules/router/index.js:291:5)"}
{"level":"error","message":"Error during signup validation: User creation failed","service":"acquisition-api","stack":"Error: User creation failed\n    at createUser (file:///home/rionse/acquisitions/src/services/auth.service.js:37:15)\n    at signup (file:///home/rionse/acquisitions/src/controllers/auth.controller.js:22:28)\n    at Layer.handleRequest (/home/rionse/acquisitions/node_modules/router/lib/layer.js:152:17)\n    at next (/home/rionse/acquisitions/node_modules/router/lib/route.js:157:13)\n    at Route.dispatch (/home/rionse/acquisitions/node_modules/router/lib/route.js:117:3)\n    at handle (/home/rionse/acquisitions/node_modules/router/index.js:435:11)\n    at Layer.handleRequest (/home/rionse/acquisitions/node_modules/router/lib/layer.js:152:17)\n    at /home/rionse/acquisitions/node_modules/router/index.js:295:15\n    at processParams (/home/rionse/acquisitions/node_modules/router/index.js:582:12)\n    at next (/home/rionse/acquisitions/node_modules/router/index.js:291:5)"}
{"level":"info","message":"::1 - - [15/Sep/2026:09:49:00 +0000] \"POST /api/auth/signup HTTP/1.1\" 500 1128 \"-\" \"HTTPie\"","service":"acquisition-api"}
{"level":"error","message":"Error creating user: eq is not defined","service":"acquisition-api","stack":"ReferenceError: eq is not defined\n    at createUser (file:///home/rionse/acquisitions/src/services/auth.service.js:20:51)\n    at signup (file:///home/rionse/acquisitions/src/controllers/auth.controller.js:22:28)\n    at Layer.handleRequest (/home/rionse/acquisitions/node_modules/router/lib/layer.js:152:17)\n    at next (/home/rionse/acquisitions/node_modules/router/lib/route.js:157:13)\n    at Route.dispatch (/home/rionse/acquisitions/node_modules/router/lib/route.js:117:3)\n    at handle (/home/rionse/acquisitions/node_modules/router/index.js:435:11)\n    at Layer.handleRequest (/home/rionse/acquisitions/node_modules/router/lib/layer.js:152:17)\n    at /home/rionse/acquisitions/node_modules/router/index.js:295:15\n    at processParams (/home/rionse/acquisitions/node_modules/router/index.js:582:12)\n    at next (/home/rionse/acquisitions/node_modules/router/index.js:291:5)"}
{"level":"error","message":"Error during signup validation: User creation failed","service":"acquisition-api","stack":"Error: User creation failed\n    at createUser (file:///home/rionse/acquisitions/src/services/auth.service.js:38:15)\n    at signup (file:///home/rionse/acquisitions/src/controllers/auth.controller.js:22:28)\n    at Layer.handleRequest (/home/rionse/acquisitions/node_modules/router/lib/layer.js:152:17)\n    at next (/home/rionse/acquisitions/node_modules/router/lib/route.js:157:13)\n    at Route.dispatch (/home/rionse/acquisitions/node_modules/router/lib/route.js:117:3)\n    at handle (/home/rionse/acquisitions/node_modules/router/index.js:435:11)\n    at Layer.handleRequest (/home/rionse/acquisitions/node_modules/router/lib/layer.js:152:17)\n    at /home/rionse/acquisitions/node_modules/router/index.js:295:15\n    at processParams (/home/rionse/acquisitions/node_modules/router/index.js:582:12)\n    at next (/home/rionse/acquisitions/node_modules/router/index.js:291:5)"}
{"level":"info","message":"::1 - - [15/Sep/2026:09:51:15 +0000] \"POST /api/auth/signup HTTP/1.1\" 500 1128 \"-\" \"HTTPie\"","service":"acquisition-api"}
{"level":"info","message":"User created successfully with email: test@mail.com","service":"acquisition-api"}
{"level":"error","message":"Error during signup validation: cookie is not defined","service":"acquisition-api","stack":"ReferenceError: cookie is not defined\n    at Object.set (file:///home/rionse/acquisitions/src/utils/cookies.js:9:31)\n    at signup (file:///home/rionse/acquisitions/src/controllers/auth.controller.js:26:17)\n    at process.processTicksAndRejections (node:internal/process/task_queues:95:5)"}
{"level":"info","message":"::1 - - [15/Sep/2026:09:55:46 +0000] \"POST /api/auth/signup HTTP/1.1\" 500 454 \"-\" \"HTTPie\"","service":"acquisition-api"}
{"level":"error","message":"Error creating user: User with this email already exists","service":"acquisition-api","stack":"Error: User with this email already exists\n    at createUser (file:///home/rionse/acquisitions/src/services/auth.service.js:23:15)\n    at process.processTicksAndRejections (node:internal/process/task_queues:95:5)\n    at async signup (file:///home/rionse/acquisitions/src/controllers/auth.controller.js:22:22)"}
{"level":"error","message":"Error during signup validation: User creation failed","service":"acquisition-api","stack":"Error: User creation failed\n    at createUser (file:///home/rionse/acquisitions/src/services/auth.service.js:39:15)\n    at process.processTicksAndRejections (node:internal/process/task_queues:95:5)\n    at async signup (file:///home/rionse/acquisitions/src/controllers/auth.controller.js:22:22)"}
{"level":"info","message":"::1 - - [15/Sep/2026:10:00:07 +0000] \"POST /api/auth/signup HTTP/1.1\" 500 459 \"-\" \"HTTPie\"","service":"acquisition-api"}
{"level":"error","message":"Error creating user: User with this email already exists","service":"acquisition-api","stack":"Error: User with this email already exists\n    at createUser (file:///home/rionse/acquisitions/src/services/auth.service.js:23:15)\n    at process.processTicksAndRejections (node:internal/process/task_queues:95:5)\n    at async signup (file:///home/rionse/acquisitions/src/controllers/auth.controller.js:22:22)"}
{"level":"error","message":"Error during signup validation: User creation failed","service":"acquisition-api","stack":"Error: User creation failed\n    at createUser (file:///home/rionse/acquisitions/src/services/auth.service.js:39:15)\n    at process.processTicksAndRejections (node:internal/process/task_queues:95:5)\n    at async signup (file:///home/rionse/acquisitions/src/controllers/auth.controller.js:22:22)"}
{"level":"info","message":"::1 - - [15/Sep/2026:10:00:38 +0000] \"POST /api/auth/signup HTTP/1.1\" 500 459 \"-\" \"HTTPie\"","service":"acquisition-api"}
{"level":"info","message":"User created successfully with email: test1@mail.com","service":"acquisition-api"}
{"level":"info","message":"User signup request received for email: test1@mail.com","service":"acquisition-api"}
{"level":"info","message":"::1 - - [15/Sep/2026:10:01:01 +0000] \"POST /api/auth/signup HTTP/1.1\" 201 113 \"-\" \"HTTPie\"","service":"acquisition-api"}
{"level":"info","message":"User created successfully with email: test@mail.com","service":"acquisition-api"}
{"level":"info","message":"User signup request received for email: test@mail.com","service":"acquisition-api"}
{"level":"info","message":"::1 - - [15/Sep/2026:10:20:16 +0000] \"POST /api/auth/signup HTTP/1.1\" 201 112 \"-\" \"HTTPie\"","service":"acquisition-api"}
{"level":"info","message":"User created successfully with email: test@mail.com","service":"acquisition-api"}
{"level":"info","message":"User signup request received for email: test@mail.com","service":"acquisition-api"}
{"level":"info","message":"::1 - - [15/Sep/2026:10:26:44 +0000] \"POST /api/auth/signup HTTP/1.1\" 201 112 \"-\" \"HTTPie\"","service":"acquisition-api"}
{"level":"error","message":"Error creating user: User with this email already exists","service":"acquisition-api","stack":"Error: User with this email already exists\n    at createUser (file:///home/rionse/acquisitions/src/services/auth.service.js:23:15)\n    at process.processTicksAndRejections (node:internal/process/task_queues:95:5)\n    at async signup (file:///home/rionse/acquisitions/src/controllers/auth.controller.js:22:22)"}
{"level":"error","message":"Error during signup validation: User creation failed","service":"acquisition-api","stack":"Error: User creation failed\n    at createUser (file:///home/rionse/acquisitions/src/services/auth.service.js:39:15)\n    at process.processTicksAndRejections (node:internal/process/task_queues:95:5)\n    at async signup (file:///home/rionse/acquisitions/src/controllers/auth.controller.js:22:22)"}
{"level":"info","message":"::1 - - [15/Sep/2026:10:36:48 +0000] \"POST /api/auth/signup HTTP/1.1\" 500 459 \"-\" \"HTTPie\"","service":"acquisition-api"}
{"level":"info","message":"User created successfully with email: test1@mail.com","service":"acquisition-api"}
{"level":"info","message":"User signup request received for email: test1@mail.com","service":"acquisition-api"}
{"level":"info","message":"::1 - - [15/Sep/2026:10:37:44 +0000] \"POST /api/auth/signup HTTP/1.1\" 201 113 \"-\" \"HTTPie\"","service":"acquisition-api"}
{"level":"info","message":"User created successfully with email: test2@mail.com","service":"acquisition-api"}
{"level":"info","message":"User signup request received for email: test2@mail.com","service":"acquisition-api"}
{"level":"info","message":"::1 - - [15/Sep/2026:10:37:49 +0000] \"POST /api/auth/signup HTTP/1.1\" 201 113 \"-\" \"HTTPie\"","service":"acquisition-api"}
{"level":"info","message":"User created successfully with email: test4@mail.com","service":"acquisition-api"}
{"level":"info","message":"User signup request received for email: test4@mail.com","service":"acquisition-api"}
{"level":"info","message":"::1 - - [15/Sep/2026:10:37:54 +0000] \"POST /api/auth/signup HTTP/1.1\" 201 113 \"-\" \"HTTPie\"","service":"acquisition-api"}
{"level":"info","message":"User created successfully with email: test5@mail.com","service":"acquisition-api"}
{"level":"info","message":"User signup request received for email: test5@mail.com","service":"acquisition-api"}
{"level":"info","message":"::1 - - [15/Sep/2026:10:38:02 +0000] \"POST /api/auth/signup HTTP/1.1\" 201 113 \"-\" \"HTTPie\"","service":"acquisition-api"}
{"level":"info","message":"::1 - - [15/Sep/2026:10:52:18 +0000] \"POST /api/auth/login HTTP/1.1\" 200 11 \"-\" \"HTTPie\"","service":"acquisition-api"}
{"level":"info","message":"User created successfully with email: test@mail.com","service":"acquisition-api"}
{"level":"info","message":"User signup request received for email: test@mail.com","service":"acquisition-api"}
{"level":"info","message":"::1 - - [15/Sep/2026:11:04:00 +0000] \"POST /api/auth/signup HTTP/1.1\" 201 112 \"-\" \"HTTPie\"","service":"acquisition-api"}
{"level":"info","message":"User created successfully with email: newtest@mail.com","service":"acquisition-api"}
{"level":"info","message":"User signup request received for email: newtest@mail.com","service":"acquisition-api"}
{"level":"info","message":"::1 - - [16/Sep/2026:12:30:00 +0000] \"POST /api/auth/signup HTTP/1.1\" 201 115 \"-\" \"HTTPie\"","service":"acquisition-api"}
{"level":"info","message":"User created successfully with email: third@mail.com","service":"acquisition-api"}
{"level":"info","message":"User signup request received for email: third@mail.com","service":"acquisition-api"}
{"level":"info","message":"::1 - - [16/Sep/2026:12:31:41 +0000] \"POST /api/auth/signup HTTP/1.1\" 201 113 \"-\" \"HTTPie\"","service":"acquisition-api"}
{"level":"info","message":"User created successfully with email: fourth@mail.com","service":"acquisition-api"}
{"level":"info","message":"User signup request received for email: fourth@mail.com","service":"acquisition-api"}
{"level":"info","message":"::1 - - [16/Sep/2026:12:35:37 +0000] \"POST /api/auth/signup HTTP/1.1\" 201 113 \"-\" \"HTTPie\"","service":"acquisition-api"}
{"level":"info","message":"User created successfully with email: fifth@mail.com","service":"acquisition-api"}
{"level":"info","message":"User signup request received for email: fifth@mail.com","service":"acquisition-api"}
{"level":"info","message":"::1 - - [16/Sep/2026:12:37:05 +0000] \"POST /api/auth/signup HTTP/1.1\" 201 112 \"-\" \"HTTPie\"","service":"acquisition-api"}
{"level":"info","message":"Hello World route accessed","service":"acquisition-api"}
{"level":"info","message":"::ffff:127.0.0.1 - - [16/Sep/2026:13:18:51 +0000] \"GET / HTTP/1.1\" 200 2249 \"-\" \"Mozilla/5.0 (X11; Linux x86_64) AppleWebKit/537.36\"","service":"acquisition-api"}
{"level":"info","message":"Hello World route accessed","service":"acquisition-api"}
{"level":"info","message":"::ffff:127.0.0.1 - - [16/Sep/2026:13:18:51 +0000] \"GET / HTTP/1.1\" 200 12 \"-\" \"curl/8.0.1\"","service":"acquisition-api"}
{"level":"info","message":"Hello World route accessed by client IP: 127.0.0.1","service":"acquisition-api"}
{"level":"info","message":"::ffff:127.0.0.1 - - [16/Sep/2026:13:24:51 +0000] \"GET / HTTP/1.1\" 200 2601 \"-\" \"Mozilla/5.0 (X11; Linux x86_64) AppleWebKit/537.36\"","service":"acquisition-api"}
{"level":"info","message":"Hello World route accessed by client IP: 127.0.0.1","service":"acquisition-api"}
{"level":"info","message":"::ffff:127.0.0.1 - - [16/Sep/2026:13:24:51 +0000] \"GET / HTTP/1.1\" 200 18 \"-\" \"curl/8.0.1\"","service":"acquisition-api"}
{"level":"info","message":"Hello World route accessed by client IP: ::1","service":"acquisition-api"}
{"level":"info","message":"::1 - - [16/Sep/2026:13:25:46 +0000] \"GET / HTTP/1.1\" 200 2595 \"-\" \"Mozilla/5.0 (Windows NT 10.0; Win64; x64) AppleWebKit/537.36 (KHTML, like Gecko) Chrome/152.0.0.0 Safari/537.36\"","service":"acquisition-api"}
{"level":"info","message":"::1 - - [16/Sep/2026:13:25:46 +0000] \"GET /favicon.ico HTTP/1.1\" 404 150 \"-\" \"Mozilla/5.0 (Windows NT 10.0; Win64; x64) AppleWebKit/537.36 (KHTML, like Gecko) Chrome/152.0.0.0 Safari/537.36\"","service":"acquisition-api"}
{"level":"info","message":"Hello World route accessed by client IP: ::1","service":"acquisition-api"}
{"level":"info","message":"::1 - - [16/Sep/2026:13:26:05 +0000] \"GET / HTTP/1.1\" 200 12 \"-\" \"curl/8.21.0\"","service":"acquisition-api"}
